Flow report for multiplier_toplevel
Fri Oct 05 00:14:54 2018
Quartus Prime Version 18.0.0 Build 614 04/24/2018 SJ Lite Edition


---------------------
; Table of Contents ;
---------------------
  1. Legal Notice
  2. Flow Summary
  3. Flow Settings
  4. Flow Non-Default Global Settings
  5. Flow Elapsed Time
  6. Flow OS Summary
  7. Flow Log
  8. Flow Messages
  9. Flow Suppressed Messages



----------------
; Legal Notice ;
----------------
Copyright (C) 2018  Intel Corporation. All rights reserved.
Your use of Intel Corporation's design tools, logic functions 
and other software and tools, and its AMPP partner logic 
functions, and any output files from any of the foregoing 
(including device programming or simulation files), and any 
associated documentation or information are expressly subject 
to the terms and conditions of the Intel Program License 
Subscription Agreement, the Intel Quartus Prime License Agreement,
the Intel FPGA IP License Agreement, or other applicable license
agreement, including, without limitation, that your use is for
the sole purpose of programming logic devices manufactured by
Intel and sold by Intel or its authorized distributors.  Please
refer to the applicable agreement for further details.



+----------------------------------------------------------------------------------+
; Flow Summary                                                                     ;
+------------------------------------+---------------------------------------------+
; Flow Status                        ; Successful - Fri Oct 05 00:14:54 2018       ;
; Quartus Prime Version              ; 18.0.0 Build 614 04/24/2018 SJ Lite Edition ;
; Revision Name                      ; multiplier_toplevel                         ;
; Top-level Entity Name              ; multiplier_toplevel                         ;
; Family                             ; Cyclone IV E                                ;
; Device                             ; EP4CE115F29C7                               ;
; Timing Models                      ; Final                                       ;
; Total logic elements               ; 109 / 114,480 ( < 1 % )                     ;
;     Total combinational functions  ; 101 / 114,480 ( < 1 % )                     ;
;     Dedicated logic registers      ; 34 / 114,480 ( < 1 % )                      ;
; Total registers                    ; 83                                          ;
; Total pins                         ; 57 / 529 ( 11 % )                           ;
; Total virtual pins                 ; 0                                           ;
; Total memory bits                  ; 0 / 3,981,312 ( 0 % )                       ;
; Embedded Multiplier 9-bit elements ; 0 / 532 ( 0 % )                             ;
; Total PLLs                         ; 0 / 4 ( 0 % )                               ;
+------------------------------------+---------------------------------------------+


+-----------------------------------------+
; Flow Settings                           ;
+-------------------+---------------------+
; Option            ; Setting             ;
+-------------------+---------------------+
; Start date & time ; 10/05/2018 00:13:38 ;
; Main task         ; Compilation         ;
; Revision Name     ; multiplier_toplevel ;
+-------------------+---------------------+


+--------------------------------------------------------------------------------------------------------------------------------------------------------------------------------------------------------+
; Flow Non-Default Global Settings                                                                                                                                                                       ;
+----------------------------------------------+-----------------------------------------------------------------------------------------------------+--------------------+-------------+----------------+
; Assignment Name                              ; Value                                                                                               ; Default Value      ; Entity Name ; Section Id     ;
+----------------------------------------------+-----------------------------------------------------------------------------------------------------+--------------------+-------------+----------------+
; ADV_NETLIST_OPT_SYNTH_WYSIWYG_REMAP          ; On                                                                                                  ; Off                ; --          ; --             ;
; CLOUD_NOTIFY_ENABLE                          ; Off                                                                                                 ; --                 ; --          ; --             ;
; CLOUD_NOTIFY_GROUP_ID                        ; dse1                                                                                                ; --                 ; --          ; --             ;
; COMPILER_SIGNATURE_ID                        ; 44883555731459.153871641815588                                                                      ; --                 ; --          ; --             ;
; CYCLONEII_OPTIMIZATION_TECHNIQUE             ; Speed                                                                                               ; Balanced           ; --          ; --             ;
; DSE_SEND_REPORT_PANEL                        ; Fitter/(Resource Section|Place Stage)/Fitter Resource Usage Summary                                 ; --                 ; --          ; --             ;
; DSE_SEND_REPORT_PANEL                        ; Flow Elapsed Time                                                                                   ; --                 ; --          ; --             ;
; DSE_SEND_REPORT_PANEL                        ; ^Timing Analyzer/(Slow|Fast)\s.*Model/(Slow|Fast)\s.*Model\s(Setup|Hold|Recovery|Removal)\sSummary$ ; --                 ; --          ; --             ;
; DSE_SEND_REPORT_PANEL                        ; ^Timing Analyzer/Clocks$                                                                            ; --                 ; --          ; --             ;
; DSE_SEND_REPORT_PANEL                        ; ^Timing Analyzer/(Slow|Fast)\s.*Model/(Slow|Fast)\s.*Model\sFmax\sSummary$                          ; --                 ; --          ; --             ;
; DSE_SERVER_SEND_REPORTS                      ; On                                                                                                  ; --                 ; --          ; --             ;
; DSE_SERVER_URL                               ; http://localhost:53608                                                                              ; --                 ; --          ; --             ;
; DSE_WORKER_ID                                ; 1                                                                                                   ; --                 ; --          ; --             ;
; EDA_DESIGN_INSTANCE_NAME                     ; NA                                                                                                  ; --                 ; --          ; testbench      ;
; EDA_NATIVELINK_SIMULATION_TEST_BENCH         ; testbench                                                                                           ; --                 ; --          ; eda_simulation ;
; EDA_OUTPUT_DATA_FORMAT                       ; Verilog Hdl                                                                                         ; --                 ; --          ; eda_simulation ;
; EDA_SIMULATION_TOOL                          ; ModelSim-Altera (Verilog)                                                                           ; <None>             ; --          ; --             ;
; EDA_TEST_BENCH_ENABLE_STATUS                 ; TEST_BENCH_MODE                                                                                     ; --                 ; --          ; eda_simulation ;
; EDA_TEST_BENCH_FILE                          ; testbench.sv                                                                                        ; --                 ; --          ; testbench      ;
; EDA_TEST_BENCH_MODULE_NAME                   ; testbench                                                                                           ; --                 ; --          ; testbench      ;
; EDA_TEST_BENCH_NAME                          ; testbench                                                                                           ; --                 ; --          ; eda_simulation ;
; EDA_TEST_BENCH_RUN_SIM_FOR                   ; 1000 ns                                                                                             ; --                 ; --          ; testbench      ;
; EDA_TIME_SCALE                               ; 1 ps                                                                                                ; --                 ; --          ; eda_simulation ;
; FINAL_PLACEMENT_OPTIMIZATION                 ; Always                                                                                              ; Automatically      ; --          ; --             ;
; FITTER_EFFORT                                ; Standard Fit                                                                                        ; Auto Fit           ; --          ; --             ;
; FIT_ATTEMPTS_TO_SKIP                         ; 0                                                                                                   ; 0.0                ; --          ; --             ;
; FLOW_ENABLE_POWER_ANALYZER                   ; On                                                                                                  ; Off                ; --          ; --             ;
; MAX_CORE_JUNCTION_TEMP                       ; 85                                                                                                  ; --                 ; --          ; --             ;
; MIN_CORE_JUNCTION_TEMP                       ; 0                                                                                                   ; --                 ; --          ; --             ;
; MUX_RESTRUCTURE                              ; Off                                                                                                 ; Auto               ; --          ; --             ;
; NOMINAL_CORE_SUPPLY_VOLTAGE                  ; 1.2V                                                                                                ; --                 ; --          ; --             ;
; OPTIMIZATION_MODE                            ; Aggressive Performance                                                                              ; Balanced           ; --          ; --             ;
; OPTIMIZE_POWER_DURING_SYNTHESIS              ; Off                                                                                                 ; Normal compilation ; --          ; --             ;
; PARTITION_COLOR                              ; -- (Not supported for targeted family)                                                              ; --                 ; --          ; Top            ;
; PARTITION_FITTER_PRESERVATION_LEVEL          ; -- (Not supported for targeted family)                                                              ; --                 ; --          ; Top            ;
; PARTITION_NETLIST_TYPE                       ; -- (Not supported for targeted family)                                                              ; --                 ; --          ; Top            ;
; PHYSICAL_SYNTHESIS_COMBO_LOGIC               ; On                                                                                                  ; Off                ; --          ; --             ;
; PHYSICAL_SYNTHESIS_REGISTER_DUPLICATION      ; On                                                                                                  ; Off                ; --          ; --             ;
; PHYSICAL_SYNTHESIS_REGISTER_RETIMING         ; On                                                                                                  ; Off                ; --          ; --             ;
; PLACEMENT_EFFORT_MULTIPLIER                  ; 4.0                                                                                                 ; 1.0                ; --          ; --             ;
; POWER_BOARD_THERMAL_MODEL                    ; None (CONSERVATIVE)                                                                                 ; --                 ; --          ; --             ;
; POWER_PRESET_COOLING_SOLUTION                ; 23 MM HEAT SINK WITH 200 LFPM AIRFLOW                                                               ; --                 ; --          ; --             ;
; PROJECT_OUTPUT_DIRECTORY                     ; output_files                                                                                        ; --                 ; --          ; --             ;
; QII_AUTO_PACKED_REGISTERS                    ; Normal                                                                                              ; Auto               ; --          ; --             ;
; ROUTER_LCELL_INSERTION_AND_LOGIC_DUPLICATION ; On                                                                                                  ; Auto               ; --          ; --             ;
; ROUTER_TIMING_OPTIMIZATION_LEVEL             ; MAXIMUM                                                                                             ; Normal             ; --          ; --             ;
; SEED                                         ; 2                                                                                                   ; 1                  ; --          ; --             ;
; SYNTH_PROTECT_SDC_CONSTRAINT                 ; On                                                                                                  ; Off                ; --          ; --             ;
+----------------------------------------------+-----------------------------------------------------------------------------------------------------+--------------------+-------------+----------------+


+--------------------------------------------------------------------------------------------------------------------------+
; Flow Elapsed Time                                                                                                        ;
+----------------------+--------------+-------------------------+---------------------+------------------------------------+
; Module Name          ; Elapsed Time ; Average Processors Used ; Peak Virtual Memory ; Total CPU Time (on all processors) ;
+----------------------+--------------+-------------------------+---------------------+------------------------------------+
; Analysis & Synthesis ; 00:00:16     ; 1.0                     ; 787 MB              ; 00:00:38                           ;
; Fitter               ; 00:00:33     ; 1.0                     ; 1514 MB             ; 00:00:47                           ;
; Assembler            ; 00:00:06     ; 1.0                     ; 542 MB              ; 00:00:05                           ;
; Power Analyzer       ; 00:00:09     ; 1.0                     ; 727 MB              ; 00:00:09                           ;
; Timing Analyzer      ; 00:00:03     ; 1.1                     ; 695 MB              ; 00:00:03                           ;
; EDA Netlist Writer   ; 00:00:02     ; 1.0                     ; 515 MB              ; 00:00:02                           ;
; Total                ; 00:01:09     ; --                      ; --                  ; 00:01:44                           ;
+----------------------+--------------+-------------------------+---------------------+------------------------------------+


+-----------------------------------------------------------------------------------+
; Flow OS Summary                                                                   ;
+----------------------+------------------+-----------+------------+----------------+
; Module Name          ; Machine Hostname ; OS Name   ; OS Version ; Processor type ;
+----------------------+------------------+-----------+------------+----------------+
; Analysis & Synthesis ; kuilin-PCSSDB    ; Windows 7 ; 6.1        ; x86_64         ;
; Fitter               ; kuilin-PCSSDB    ; Windows 7 ; 6.1        ; x86_64         ;
; Assembler            ; kuilin-PCSSDB    ; Windows 7 ; 6.1        ; x86_64         ;
; Power Analyzer       ; kuilin-PCSSDB    ; Windows 7 ; 6.1        ; x86_64         ;
; Timing Analyzer      ; kuilin-PCSSDB    ; Windows 7 ; 6.1        ; x86_64         ;
; EDA Netlist Writer   ; kuilin-PCSSDB    ; Windows 7 ; 6.1        ; x86_64         ;
+----------------------+------------------+-----------+------------+----------------+


------------
; Flow Log ;
------------
quartus_map --read_settings_files=off --write_settings_files=off multiplier_toplevel -c multiplier_toplevel
quartus_fit --read_settings_files=off --write_settings_files=off multiplier_toplevel -c multiplier_toplevel
quartus_asm --read_settings_files=off --write_settings_files=off multiplier_toplevel -c multiplier_toplevel
quartus_pow --read_settings_files=off --write_settings_files=off multiplier_toplevel -c multiplier_toplevel
quartus_sta multiplier_toplevel -c multiplier_toplevel
quartus_eda --read_settings_files=off --write_settings_files=off multiplier_toplevel -c multiplier_toplevel



