------------------------------------------------------------
Timing Analyzer Summary
------------------------------------------------------------

Type  : Slow 1200mV 85C Model Setup 'SRAM_CLK'
Slack : -2.858
TNS   : -705.044

Type  : Slow 1200mV 85C Model Hold 'SRAM_CLK'
Slack : 0.388
TNS   : 0.000

Type  : Slow 1200mV 85C Model Minimum Pulse Width 'SRAM_CLK'
Slack : -3.000
TNS   : -636.418

Type  : Slow 1200mV 85C Model Minimum Pulse Width 'BOARD_CLK'
Slack : -3.000
TNS   : -46.088

Type  : Slow 1200mV 0C Model Setup 'SRAM_CLK'
Slack : -2.540
TNS   : -611.486

Type  : Slow 1200mV 0C Model Hold 'SRAM_CLK'
Slack : 0.341
TNS   : 0.000

Type  : Slow 1200mV 0C Model Minimum Pulse Width 'SRAM_CLK'
Slack : -3.000
TNS   : -629.554

Type  : Slow 1200mV 0C Model Minimum Pulse Width 'BOARD_CLK'
Slack : -3.000
TNS   : -45.384

Type  : Fast 1200mV 0C Model Setup 'SRAM_CLK'
Slack : -0.872
TNS   : -175.674

Type  : Fast 1200mV 0C Model Hold 'SRAM_CLK'
Slack : 0.177
TNS   : 0.000

Type  : Fast 1200mV 0C Model Minimum Pulse Width 'SRAM_CLK'
Slack : -3.000
TNS   : -354.355

Type  : Fast 1200mV 0C Model Minimum Pulse Width 'BOARD_CLK'
Slack : -3.000
TNS   : -20.988

------------------------------------------------------------
